{"id":"d528eb88","timestamp":"08.05.2026, 19:18:11","userId":"d9643edc-1636-48b9-9c2f-8301baaee89c","type":"system","title":"Подтверждение регистрации","message":"Добро пожаловать в ApexDrive! Подтвердите вашу почту.","emailSentTo":"monsschogath@gmail.com"}
{"id":"e1117b49","timestamp":"09.05.2026, 11:21:58","userId":"f4f2cef6-6c2b-4e55-bcb8-f76c94a24242","type":"order","title":"Заказ №36 принят!","message":"Сумма: 5000 руб.","emailSentTo":"user26@example.com"}
{"id":"629978e1","timestamp":"09.05.2026, 11:22:04","userId":"f4f2cef6-6c2b-4e55-bcb8-f76c94a24242","type":"order","title":"Заказ №37 принят!","message":"Сумма: 5000 руб.","emailSentTo":"user26@example.com"}
{"id":"bb88789f","timestamp":"09.05.2026, 11:22:04","userId":"f4f2cef6-6c2b-4e55-bcb8-f76c94a24242","type":"order","title":"Заказ №38 принят!","message":"Сумма: 5000 руб.","emailSentTo":"user26@example.com"}
{"id":"6ad9f8e5","timestamp":"09.05.2026, 11:22:05","userId":"f4f2cef6-6c2b-4e55-bcb8-f76c94a24242","type":"order","title":"Заказ №40 принят!","message":"Сумма: 5000 руб.","emailSentTo":"user26@example.com"}
{"id":"38538c06","timestamp":"09.05.2026, 11:22:05","userId":"f4f2cef6-6c2b-4e55-bcb8-f76c94a24242","type":"order","title":"Заказ №41 принят!","message":"Сумма: 5000 руб.","emailSentTo":"user26@example.com"}
{"id":"128b17e1","timestamp":"09.05.2026, 11:27:31","userId":"111","type":"order","title":"Заказ №42 принят!","message":"Сумма: 4200 руб.","emailSentTo":"monsswhat@gmail.com"}
{"id":"ac66b859","timestamp":"09.05.2026, 11:27:31","userId":"111","type":"order","title":"Заказ №43 принят!","message":"Сумма: 4200 руб.","emailSentTo":"monsswhat@gmail.com"}
{"id":"2ef247cc","timestamp":"09.05.2026, 11:28:01","userId":"111","type":"order","title":"Заказ №44 принят!","message":"Сумма: 4200 руб.","emailSentTo":"monsswhat@gmail.com"}
{"id":"94fc5721","timestamp":"09.05.2026, 11:29:53","userId":"6334fc63-8b44-4dd3-b636-33f882ca9820","type":"order","title":"Заказ №35 готов к выдаче!","message":"Ваш заказ ожидает вас по адресу: null.","emailSentTo":"customer@mail.com"}
{"id":"3fe31193","timestamp":"09.05.2026, 11:30:08","userId":"6334fc63-8b44-4dd3-b636-33f882ca9820","type":"order","title":"Заказ №35 готов к выдаче!","message":"Ваш заказ ожидает вас по адресу: null.","emailSentTo":"customer@mail.com"}
{"id":"b4a85bc3","timestamp":"09.05.2026, 14:33:19","userId":"111","type":"order","title":"Заказ №38 оформлен","message":"Ваш заказ на сумму 15353.809 ₽ принят в обработку.","emailSentTo":"monsschogath@gmail.com"}
{"id":"e0e41db2","timestamp":"09.05.2026, 14:58:40","userId":"111","type":"order","title":"Заказ №39 оформлен","message":"Ваш заказ на сумму 27400.603048 ₽ принят в обработку.","emailSentTo":"monsschogath@gmail.com"}
{"id":"9c89c46f","timestamp":"09.05.2026, 14:59:11","userId":"111","type":"order","title":"Заказ №39 готов к выдаче!","message":"Ваш заказ ожидает вас по адресу: Москва, ул. Складская, д. 1.","emailSentTo":"monsschogath@gmail.com"}
{"id":"0d1fefb1","timestamp":"09.05.2026, 15:03:54","userId":"cdaa4433-91c3-4ca3-be78-872dadf26f31","type":"system","title":"Подтверждение регистрации","message":"Добро пожаловать в ApexDrive! Подтвердите вашу почту.","emailSentTo":"school7343173@gmail.com"}
{"id":"72060afd","timestamp":"09.05.2026, 16:18:16","userId":"111","type":"order","title":"Заказ №40 оформлен","message":"Ваш заказ на сумму 22200 ₽ принят в обработку.","emailSentTo":"monsschogath@gmail.com"}
{"id":"ca95e825","timestamp":"09.05.2026, 16:18:45","userId":"111","type":"order","title":"Заказ №40 выдан","message":"Ваш заказ был выдан.","emailSentTo":"monsschogath@gmail.com"}
{"id":"ec8100c4","timestamp":"09.05.2026, 16:18:47","userId":"111","type":"order","title":"Заказ №40 выдан","message":"Ваш заказ был выдан.","emailSentTo":"monsschogath@gmail.com"}
{"id":"8d0db8a5","timestamp":"09.05.2026, 16:51:08","userId":"c112b0ee-cc34-4079-818e-1fa721e795aa","type":"order","title":"Заказ №35 выдан","message":"Ваш заказ был выдан.","emailSentTo":"customer@mail.com"}
{"id":"13284f4a","timestamp":"09.05.2026, 16:51:10","userId":"c112b0ee-cc34-4079-818e-1fa721e795aa","type":"order","title":"Заказ №35 выдан","message":"Ваш заказ был выдан.","emailSentTo":"customer@mail.com"}
{"id":"e1a0cfc3","timestamp":"09.05.2026, 17:32:38","userId":"111","type":"order","title":"Заказ №41 оформлен","message":"Ваш заказ на сумму 22200 ₽ принят в обработку.","emailSentTo":"monsschogath@gmail.com"}
{"id":"2cbc5d40","timestamp":"09.05.2026, 18:17:19","userId":"111","type":"order","title":"Заказ №42 оформлен","message":"Ваш заказ на сумму 22200 ₽ принят в обработку.","emailSentTo":"monsschogath@gmail.com"}
{"id":"31cdd860","timestamp":"09.05.2026, 19:27:27","userId":"68cff161-6f8c-466b-a3fa-0b7103f59ca1","type":"system","title":"Подтверждение регистрации","message":"Добро пожаловать в ApexDrive! Подтвердите вашу почту.","emailSentTo":"school7343173@gmail.com"}
{"id":"a8a6d264","timestamp":"10.05.2026, 16:47:27","userId":"111","type":"order","title":"Заказ №62 готов к выдаче!","message":"Ваш заказ ожидает вас по адресу: Москва, ул. Складская, д. 1.","emailSentTo":"monsschogath@gmail.com"}
{"id":"e58d648e","timestamp":"11.05.2026, 11:36:24","userId":"111","type":"order","title":"Заказ №65 выдан","message":"Ваш заказ был выдан.","emailSentTo":"monsschogath@gmail.com"}
{"id":"3e747aeb","timestamp":"11.05.2026, 11:43:33","userId":"111","type":"order","title":"Заказ №66 выдан","message":"Ваш заказ был выдан.","emailSentTo":"monsschogath@gmail.com"}
{"id":"27f3c703","timestamp":"11.05.2026, 11:44:41","userId":"111","type":"system","title":"✅ Возврат одобрен","message":"Ваша заявка на возврат по заказу №66 одобрена. Товар принят обратно.","emailSentTo":"monsschogath@gmail.com"}
{"id":"9d9cd384","timestamp":"12.05.2026, 14:39:11","userId":"168cd044-a016-4422-a9d0-13998cad8618","type":"system","title":"Подтверждение регистрации","message":"Добро пожаловать в ApexDrive! Подтвердите вашу почту.","emailSentTo":"school7343173@gmail.com"}
{"id":"a3dab355","timestamp":"28.05.2026, 01:12:23","userId":"ae766c65-ff8d-4f21-a28b-9642ba6ab53e","type":"order","title":"Заказ №16 оформлен","message":"Ваш заказ на сумму 20441 ₽ принят в обработку.","emailSentTo":"monsschogath@gmail.com"}
{"id":"d8e8bf2c","timestamp":"28.05.2026, 01:14:04","userId":"ae766c65-ff8d-4f21-a28b-9642ba6ab53e","type":"system","title":"✅ Возврат одобрен","message":"Ваша заявка на возврат по заказу №16 одобрена. Товар принят обратно.","emailSentTo":"monsschogath@gmail.com"}
{"id":"879be7ce","timestamp":"28.05.2026, 01:14:10","userId":"ae766c65-ff8d-4f21-a28b-9642ba6ab53e","type":"system","title":"✅ Возврат одобрен","message":"Ваша заявка на возврат по заказу №16 одобрена. Товар принят обратно.","emailSentTo":"monsschogath@gmail.com"}
{"id":"a88c1205","timestamp":"28.05.2026, 01:15:46","userId":"ae766c65-ff8d-4f21-a28b-9642ba6ab53e","type":"order","title":"Статус заказа №16 изменён","message":"Новый статус: cancelled.","emailSentTo":"monsschogath@gmail.com"}
{"id":"ae894172","timestamp":"28.05.2026, 01:46:15","userId":"1a740622-575f-47ca-bea4-51d18d82d0aa","type":"system","title":"Подтверждение регистрации","message":"Добро пожаловать в ApexDrive! Подтвердите вашу почту.","emailSentTo":"test1@gmail.com"}
{"id":"9ce1405a","timestamp":"17.06.2026, 00:23:22","userId":"6d9ab3ae-ddad-4012-b405-465186bc9caf","type":"system","title":"Подтверждение регистрации","message":"Добро пожаловать в ApexDrive! Подтвердите вашу почту.","emailSentTo":"test12@gmail.com"}
